MPLINK 4.49, Linker
Linker Map File - Created Wed Jul 22 09:21:21 2015

                                 Section Info
                  Section       Type    Address   Location Size(Bytes)
                ---------  ---------  ---------  ---------  ---------
                   .org_0       code   0x000000    program   0x000000
                   .org_1       code   0x000200    program   0x000002
                   .org_2       code   0x000204    program   0x000002
                   .org_3       code   0x000205    program   0x0001c8
.config_2007_SAMPLE CODE PR3.O       code   0x002007    program   0x000002



                              Program Memory Usage 
                               Start         End      
                           ---------   ---------      
                            0x000200    0x000200      
                            0x000204    0x0002e8      
                            0x002007    0x002007      
            231 out of 8454 program addresses used, program memory utilization is 2%



                              Symbols - Sorted by Name
                     Name    Address   Location    Storage File                     
                ---------  ---------  ---------  --------- ---------                
                   DELAY1   0x0002cf    program     static D:\DIY\DIY PR3\Old\Source Code PR3\sample code PR3.asm
                   DELAY2   0x0002dc    program     static D:\DIY\DIY PR3\Old\Source Code PR3\sample code PR3.asm
                     INIT   0x000205    program     static D:\DIY\DIY PR3\Old\Source Code PR3\sample code PR3.asm
                      INT   0x000204    program     static D:\DIY\DIY PR3\Old\Source Code PR3\sample code PR3.asm
                    RESET   0x000200    program     static D:\DIY\DIY PR3\Old\Source Code PR3\sample code PR3.asm



                              Symbols - Sorted by Address
                     Name    Address   Location    Storage File                     
                ---------  ---------  ---------  --------- ---------                
                    RESET   0x000200    program     static D:\DIY\DIY PR3\Old\Source Code PR3\sample code PR3.asm
                      INT   0x000204    program     static D:\DIY\DIY PR3\Old\Source Code PR3\sample code PR3.asm
                     INIT   0x000205    program     static D:\DIY\DIY PR3\Old\Source Code PR3\sample code PR3.asm
                   DELAY1   0x0002cf    program     static D:\DIY\DIY PR3\Old\Source Code PR3\sample code PR3.asm
                   DELAY2   0x0002dc    program     static D:\DIY\DIY PR3\Old\Source Code PR3\sample code PR3.asm


